[G:/yt001/이마트 홈페이지/emart/backblue.gif]
[G:/yt001/이마트 홈페이지/emart/fade.gif]
[G:/yt001/이마트 홈페이지/emart/index.html]
[G:/yt001/이마트 홈페이지/emart/stimg.emart.com/store/images/new/common/gnb01.png]
[G:/yt001/이마트 홈페이지/emart/stimg.emart.com/upload/event/20220113_0002009_186.jpg]
[G:/yt001/이마트 홈페이지/emart/stimg.emart.com/upload/event/20220113_0019031_190.jpg]
[G:/yt001/이마트 홈페이지/emart/stimg.emart.com/upload/event/20210414_1106040_017.jpg]
[G:/yt001/이마트 홈페이지/emart/stimg.emart.com/upload/event/20220518_1718036_094.jpg]
[G:/yt001/이마트 홈페이지/emart/stimg.emart.com/upload/event/20220518_1639028_456.jpg]
[G:/yt001/이마트 홈페이지/emart/stimg.emart.com/upload/event/20220518_1657032_462.jpg]
[G:/yt001/이마트 홈페이지/emart/stimg.emart.com/upload/event/20220512_1711046_865.jpg]
[G:/yt001/이마트 홈페이지/emart/stimg.emart.com/upload/event/20220511_1807050_819.png]
[G:/yt001/이마트 홈페이지/emart/stimg.emart.com/upload/event/20220420_1446028_002.jpg]
[G:/yt001/이마트 홈페이지/emart/stimg.emart.com/upload/event/20220502_0824041_949.jpg]
[G:/yt001/이마트 홈페이지/emart/stimg.emart.com/store/images/new/common/btn_search.png]
[G:/yt001/이마트 홈페이지/emart/stimg.emart.com/store/images/new/sev/ico_more.png]
[G:/yt001/이마트 홈페이지/emart/stimg.emart.com/upload/event/20220113_0002010_188.jpg]
[G:/yt001/이마트 홈페이지/emart/stimg.emart.com/upload/eventIcon/20200813_1628037_119.png]
[G:/yt001/이마트 홈페이지/emart/stimg.emart.com/upload/event/20220517_1120041_991.jpg]
[G:/yt001/이마트 홈페이지/emart/stimg.emart.com/upload/eventIcon/20181206_1336042_005.png]
[G:/yt001/이마트 홈페이지/emart/stimg.emart.com/upload/event/20220517_1114019_986.jpg]
[G:/yt001/이마트 홈페이지/emart/stimg.emart.com/upload/event/20220113_0019032_192.jpg]
[G:/yt001/이마트 홈페이지/emart/stimg.emart.com/upload/event/20210414_1110029_022.jpg]
[G:/yt001/이마트 홈페이지/emart/stimg.emart.com/upload/eventIcon/20181203_1416001_001.png]
[G:/yt001/이마트 홈페이지/emart/stimg.emart.com/upload/event/20220518_1718037_096.jpg]
[G:/yt001/이마트 홈페이지/emart/stimg.emart.com/upload/eventIcon/20181203_1416027_003.png]
[G:/yt001/이마트 홈페이지/emart/stimg.emart.com/upload/event/20220518_1639028_458.jpg]
[G:/yt001/이마트 홈페이지/emart/stimg.emart.com/upload/eventIcon/20200813_1629050_120.png]
[G:/yt001/이마트 홈페이지/emart/stimg.emart.com/upload/event/20220518_1340037_998.jpg]
[G:/yt001/이마트 홈페이지/emart/stimg.emart.com/upload/event/20220518_1657032_463.jpg]
[G:/yt001/이마트 홈페이지/emart/stimg.emart.com/upload/event/20220512_1711046_867.jpg]
[G:/yt001/이마트 홈페이지/emart/stimg.emart.com/upload/event/20220511_1807050_820.png]
[G:/yt001/이마트 홈페이지/emart/stimg.emart.com/upload/event/20220510_1923018_026.jpg]
[G:/yt001/이마트 홈페이지/emart/stimg.emart.com/upload/coupon/20180712_0254007_014.png]
[G:/yt001/이마트 홈페이지/emart/stimg.emart.com/upload/coupon/20180712_0255043_015.png]
[G:/yt001/이마트 홈페이지/emart/stimg.emart.com/upload/coupon/20180712_0255056_016.png]
[G:/yt001/이마트 홈페이지/emart/stimg.emart.com/upload/coupon/20180712_0256003_017.png]
[G:/yt001/이마트 홈페이지/emart/stimg.emart.com/upload/coupon/20180712_0256010_018.png]
[G:/yt001/이마트 홈페이지/emart/stimg.emart.com/upload/coupon/20180712_0256037_022.png]
[G:/yt001/이마트 홈페이지/emart/stimg.emart.com/store/images/new/common/footer_logo_emart.png]
[G:/yt001/이마트 홈페이지/emart/store.emart.com/news/event/progress_listac13.html]
[G:/yt001/이마트 홈페이지/emart/stimg.emart.com/store/images/common/logo_wa.png]
